// Jest Snapshot v1, https://goo.gl/fbAQLP

exports[` 1`] = `
<DocumentFragment>
  <div
    class="css-mgq3m7-MuiStack-root"
  >
    <div
      style="opacity: 0; transform: scale(0.5) translateZ(0);"
    >
      <header
        class="css-nen11g-MuiStack-root"
      >
        <div
          class="MuiContainer-root MuiContainer-maxWidthMd css-xdmu94-MuiContainer-root"
        >
          <span
            style="box-sizing: border-box; display: inline-block; overflow: hidden; background: none; opacity: 1; border: 0px; margin: 0px; padding: 0px; position: relative; max-width: 100%;"
          >
            <span
              style="box-sizing: border-box; display: block; background: none; opacity: 1; border: 0px; margin: 0px; padding: 0px; max-width: 100%;"
            >
              <img
                alt=""
                aria-hidden="true"
                src="data:image/svg+xml,%3csvg%20xmlns=%27http://www.w3.org/2000/svg%27%20version=%271.1%27%20width=%27180%27%20height=%2770%27/%3e"
                style="display: block; max-width: 100%; background: none; opacity: 1; border: 0px; margin: 0px; padding: 0px;"
              />
            </span>
            <img
              alt="main logo app"
              data-nimg="intrinsic"
              decoding="async"
              src="data:image/gif;base64,R0lGODlhAQABAIAAAAAAAP///yH5BAEAAAAALAAAAAABAAEAAAIBRAA7"
              style="position: absolute; top: 0px; left: 0px; bottom: 0px; right: 0px; box-sizing: border-box; padding: 0px; margin: auto; display: block; width: 0px; height: 0px; min-width: 100%; max-width: 100%; min-height: 100%; max-height: 100%;"
            />
            <noscript />
          </span>
        </div>
      </header>
    </div>
    <div
      class="MuiContainer-root MuiContainer-maxWidthMd css-xdmu94-MuiContainer-root"
    >
      <div
        style="opacity: 0; transform: scale(0.5) translateZ(0);"
      >
        <form
          class="css-8flg95"
        >
          <div
            class="MuiFormControl-root MuiFormControl-fullWidth css-q8hpuo-MuiFormControl-root"
          >
            <div
              class="MuiInputBase-root MuiOutlinedInput-root MuiInputBase-colorPrimary MuiInputBase-formControl MuiInputBase-adornedStart css-1q6at85-MuiInputBase-root-MuiOutlinedInput-root"
            >
              <div
                class="MuiInputAdornment-root MuiInputAdornment-positionStart MuiInputAdornment-outlined MuiInputAdornment-sizeMedium css-ittuaa-MuiInputAdornment-root"
              >
                <span
                  class="notranslate"
                >
                  ​
                </span>
                <svg
                  aria-hidden="true"
                  class="MuiSvgIcon-root MuiSvgIcon-fontSizeLarge css-tzssek-MuiSvgIcon-root"
                  data-testid="SearchOutlinedIcon"
                  focusable="false"
                  viewBox="0 0 24 24"
                >
                  <path
                    d="M15.5 14h-.79l-.28-.27C15.41 12.59 16 11.11 16 9.5 16 5.91 13.09 3 9.5 3S3 5.91 3 9.5 5.91 16 9.5 16c1.61 0 3.09-.59 4.23-1.57l.27.28v.79l5 4.99L20.49 19l-4.99-5zm-6 0C7.01 14 5 11.99 5 9.5S7.01 5 9.5 5 14 7.01 14 9.5 11.99 14 9.5 14z"
                  />
                </svg>
              </div>
              <input
                aria-invalid="false"
                class="MuiInputBase-input MuiOutlinedInput-input MuiInputBase-inputAdornedStart css-1o9s3wi-MuiInputBase-input-MuiOutlinedInput-input"
                id="search"
                name="search"
                placeholder="Buscar libro"
                type="text"
                value=""
              />
              <fieldset
                aria-hidden="true"
                class="MuiOutlinedInput-notchedOutline css-1d3z3hw-MuiOutlinedInput-notchedOutline"
              >
                <legend
                  class="css-hdw1oc"
                >
                  <span
                    class="notranslate"
                  >
                    ​
                  </span>
                </legend>
              </fieldset>
            </div>
            <p
              class="MuiTypography-root MuiTypography-body1 css-1sl0s6e-MuiTypography-root"
            />
          </div>
        </form>
      </div>
    </div>
    <main>
      <div
        class="MuiContainer-root MuiContainer-maxWidthMd css-xdmu94-MuiContainer-root"
      >
        <div
          class="css-1u0a2d3-MuiStack-root"
        >
          <div
            style="opacity: 0; transform: scale(0.5) translateZ(0);"
          >
            <div
              class="css-2nb6pb-MuiStack-root"
            >
              <div
                class="MuiBox-root css-1aple4v"
              >
                <span
                  style="box-sizing: border-box; display: inline-block; overflow: hidden; background: none; opacity: 1; border: 0px; margin: 0px; padding: 0px; position: relative; max-width: 100%;"
                >
                  <span
                    style="box-sizing: border-box; display: block; background: none; opacity: 1; border: 0px; margin: 0px; padding: 0px; max-width: 100%;"
                  >
                    <img
                      alt=""
                      aria-hidden="true"
                      src="data:image/svg+xml,%3csvg%20xmlns=%27http://www.w3.org/2000/svg%27%20version=%271.1%27%20width=%27450%27%20height=%27700%27/%3e"
                      style="display: block; max-width: 100%; background: none; opacity: 1; border: 0px; margin: 0px; padding: 0px;"
                    />
                  </span>
                  <img
                    alt="book cover"
                    data-nimg="intrinsic"
                    decoding="async"
                    src="data:image/gif;base64,R0lGODlhAQABAIAAAAAAAP///yH5BAEAAAAALAAAAAABAAEAAAIBRAA7"
                    style="position: absolute; top: 0px; left: 0px; bottom: 0px; right: 0px; box-sizing: border-box; padding: 0px; margin: auto; display: block; width: 0px; height: 0px; min-width: 100%; max-width: 100%; min-height: 100%; max-height: 100%;"
                  />
                  <noscript />
                </span>
              </div>
              <span
                aria-label="4 Stars"
                class="MuiRating-root MuiRating-sizeMedium MuiRating-readyOnly css-ryrseu-MuiRating-root"
                color="#DEC700 !important"
                role="img"
              >
                <span>
                  <span
                    class="MuiRating-icon MuiRating-iconFilled css-7qmtgc-MuiRating-icon"
                  >
                    <svg
                      aria-hidden="true"
                      class="MuiSvgIcon-root MuiSvgIcon-fontSizeInherit css-1vooibu-MuiSvgIcon-root"
                      data-testid="StarIcon"
                      focusable="false"
                      viewBox="0 0 24 24"
                    >
                      <path
                        d="M12 17.27L18.18 21l-1.64-7.03L22 9.24l-7.19-.61L12 2 9.19 8.63 2 9.24l5.46 4.73L5.82 21z"
                      />
                    </svg>
                  </span>
                </span>
                <span>
                  <span
                    class="MuiRating-icon MuiRating-iconFilled css-7qmtgc-MuiRating-icon"
                  >
                    <svg
                      aria-hidden="true"
                      class="MuiSvgIcon-root MuiSvgIcon-fontSizeInherit css-1vooibu-MuiSvgIcon-root"
                      data-testid="StarIcon"
                      focusable="false"
                      viewBox="0 0 24 24"
                    >
                      <path
                        d="M12 17.27L18.18 21l-1.64-7.03L22 9.24l-7.19-.61L12 2 9.19 8.63 2 9.24l5.46 4.73L5.82 21z"
                      />
                    </svg>
                  </span>
                </span>
                <span>
                  <span
                    class="MuiRating-icon MuiRating-iconFilled css-7qmtgc-MuiRating-icon"
                  >
                    <svg
                      aria-hidden="true"
                      class="MuiSvgIcon-root MuiSvgIcon-fontSizeInherit css-1vooibu-MuiSvgIcon-root"
                      data-testid="StarIcon"
                      focusable="false"
                      viewBox="0 0 24 24"
                    >
                      <path
                        d="M12 17.27L18.18 21l-1.64-7.03L22 9.24l-7.19-.61L12 2 9.19 8.63 2 9.24l5.46 4.73L5.82 21z"
                      />
                    </svg>
                  </span>
                </span>
                <span>
                  <span
                    class="MuiRating-icon MuiRating-iconFilled css-7qmtgc-MuiRating-icon"
                  >
                    <svg
                      aria-hidden="true"
                      class="MuiSvgIcon-root MuiSvgIcon-fontSizeInherit css-1vooibu-MuiSvgIcon-root"
                      data-testid="StarIcon"
                      focusable="false"
                      viewBox="0 0 24 24"
                    >
                      <path
                        d="M12 17.27L18.18 21l-1.64-7.03L22 9.24l-7.19-.61L12 2 9.19 8.63 2 9.24l5.46 4.73L5.82 21z"
                      />
                    </svg>
                  </span>
                </span>
                <span>
                  <span
                    class="MuiRating-icon MuiRating-iconEmpty css-1c99szj-MuiRating-icon"
                  >
                    <svg
                      aria-hidden="true"
                      class="MuiSvgIcon-root MuiSvgIcon-fontSizeInherit css-1vooibu-MuiSvgIcon-root"
                      data-testid="StarBorderIcon"
                      focusable="false"
                      viewBox="0 0 24 24"
                    >
                      <path
                        d="M22 9.24l-7.19-.62L12 2 9.19 8.63 2 9.24l5.46 4.73L5.82 21 12 17.27 18.18 21l-1.63-7.03L22 9.24zM12 15.4l-3.76 2.27 1-4.28-3.32-2.88 4.38-.38L12 6.1l1.71 4.04 4.38.38-3.32 2.88 1 4.28L12 15.4z"
                      />
                    </svg>
                  </span>
                </span>
              </span>
              <div
                class="css-q95hb8-MuiStack-root"
              >
                <p
                  class="MuiTypography-root MuiTypography-body1 css-ai5u1v-MuiTypography-root"
                >
                  react test
                </p>
                <p
                  class="MuiTypography-root MuiTypography-body1 css-ahje9m-MuiTypography-root"
                >
                  Anonymous
                </p>
              </div>
            </div>
          </div>
        </div>
        <div
          class="MuiBox-root css-7v0d5e"
        />
      </div>
    </main>
    <div
      class="MuiBox-root css-xi606m"
    >
      <h6
        class="MuiTypography-root MuiTypography-subtitle1 css-10wpov9-MuiTypography-root"
      >
        BEU technical test - Emanuel Mamani 🚀
      </h6>
    </div>
  </div>
</DocumentFragment>
`;
